// Jest Snapshot v1, https://goo.gl/fbAQLP

exports[`canvasFactory has a max 1`] = `"no more canvases available"`;
