// Jest Snapshot v1, https://goo.gl/fbAQLP

exports[`playthrough Breaching airlock save 1`] = `
Object {
  "currentSceneId": 2000,
  "gamestates": Object {
    "100": Array [],
    "1000": Array [],
    "100111": Array [],
    "101": Array [],
    "1010": Array [],
    "1011": Array [],
    "1012": Array [],
    "1013": Array [],
    "1014": Array [],
    "1015": Array [],
    "102": Array [],
    "1020": Array [],
    "1021": Array [],
    "1022": Array [],
    "1023": Array [],
    "1024": Array [],
    "1025": Array [],
    "1026": Array [],
    "1027": Array [],
    "1028": Array [],
    "1029": Array [],
    "103": Array [],
    "1030": Array [],
    "1031": Array [],
    "1032": Array [],
    "1033": Array [],
    "1034": Array [],
    "1035": Array [],
    "1036": Array [],
    "1037": Array [],
    "1038": Array [],
    "1039": Array [],
    "104": Array [],
    "1040": Array [],
    "1041": Array [],
    "1042": Array [],
    "1043": Array [],
    "1044": Array [],
    "1045": Array [],
    "1046": Array [],
    "1047": Array [],
    "1048": Array [],
    "1049": Array [],
    "1050": Array [],
    "1055": Array [],
    "1056": Array [],
    "1057": Array [],
    "1058": Array [],
    "1059": Array [],
    "1060": Array [],
    "1061": Array [],
    "1062": Array [],
    "1063": Array [],
    "1103": Array [],
    "1104": Array [],
    "1200": Array [],
    "1205": Array [],
    "1210": Array [],
    "1215": Array [],
    "1217": Array [],
    "1218": Array [],
    "1219": Array [],
    "1300": Array [],
    "1301": Array [],
    "1302": Array [],
    "1303": Array [],
    "1304": Array [],
    "1305": Array [],
    "1309": Array [],
    "1310": Array [],
    "1315": Array [],
    "1320": Array [],
    "1325": Array [],
    "1330": Array [],
    "1331": Array [],
    "1332": Array [],
    "1333": Array [],
    "1334": Array [],
    "1340": Array [],
    "1341": Array [],
    "1342": Array [],
    "1343": Array [],
    "1344": Array [],
    "1345": Array [],
    "1346": Array [],
    "1349": Array [],
    "1350": Array [],
    "1355": Array [],
    "1360": Array [],
    "1365": Array [],
    "1370": Array [],
    "1375": Array [],
    "1380": Array [],
    "1385": Array [],
    "1390": Array [],
    "1391": Array [],
    "1392": Array [],
    "1393": Array [],
    "1394": Array [],
    "1395": Array [],
    "1396": Array [],
    "1397": Array [],
    "1398": Array [],
    "1399": Array [],
    "1401": Array [],
    "1402": Array [],
    "1403": Array [],
    "1404": Array [],
    "1405": Array [],
    "1406": Array [],
    "1407": Array [],
    "1435": Array [],
    "1436": Array [],
    "1437": Array [],
    "1438": Array [],
    "1448": Array [],
    "1449": Array [],
    "1450": Array [],
    "1451": Array [],
    "1452": Array [],
    "1453": Array [],
    "1500": Array [],
    "2099": Array [],
    "2100": Array [],
    "2101": Array [],
    "2102": Array [],
    "2103": Array [],
    "2104": Array [],
    "2105": Array [],
    "2106": Array [],
    "2107": Array [],
    "2108": Array [],
    "2109": Array [],
    "2110": Array [],
    "2111": Array [],
    "2112": Array [],
    "2113": Array [],
    "2114": Array [],
    "2115": Array [],
    "2116": Array [],
    "2117": Array [],
    "2118": Array [],
    "2119": Array [],
    "2120": Array [],
    "2121": Array [],
    "2122": Array [],
    "2123": Array [],
    "2124": Array [],
    "2125": Array [],
    "2126": Array [],
    "2127": Array [],
    "2128": Array [],
    "2129": Array [],
    "2130": Array [],
    "2131": Array [],
    "2132": Array [],
    "2133": Array [],
    "2134": Array [],
    "2135": Array [],
    "2136": Array [],
    "2137": Array [],
    "2138": Array [],
    "2139": Array [],
    "2140": Array [],
    "2400": Array [],
    "2401": Array [],
    "2402": Array [],
    "2403": Array [],
    "2404": Array [],
    "2405": Array [],
    "2450": Array [],
    "2451": Array [],
    "2452": Array [],
    "2453": Array [],
    "2454": Array [],
    "2455": Array [],
    "2456": Array [],
    "2457": Array [],
    "2458": Array [],
    "2459": Array [],
    "2460": Array [],
    "2461": Array [],
    "2462": Array [],
    "2463": Array [],
    "2464": Array [],
    "2465": Array [],
    "2466": Array [],
    "2467": Array [],
    "2468": Array [],
    "2469": Array [],
    "2470": Array [],
    "2471": Array [],
    "2472": Array [],
    "2473": Array [],
    "2600": Array [],
    "2601": Array [],
    "2605": Array [],
    "2606": Array [],
    "2607": Array [],
    "2608": Array [],
    "2609": Array [],
    "2610": Array [],
    "2611": Array [],
    "2620": Array [],
    "2630": Array [],
    "2640": Array [],
    "2641": Array [],
    "2642": Array [],
    "2643": Array [],
    "2644": Array [],
    "496": Array [],
    "497": Array [],
    "498": Array [],
    "499": Array [],
    "500": Array [],
    "525": Array [],
    "526": Array [],
    "527": Array [],
    "528": Array [],
    "550": Array [],
    "551": Array [],
    "552": Array [],
    "553": Array [],
    "600": Array [],
    "605": Array [],
    "612": Array [],
    "615": Array [],
    "620": Array [],
    "630": Array [],
    "635": Array [],
    "640": Array [],
    "800": Array [],
    "8000": Array [],
    "8001": Array [],
    "8002": Array [],
    "8003": Array [],
    "8004": Array [],
    "8005": Array [],
    "8006": Array [],
    "8007": Array [],
    "8008": Array [],
    "8009": Array [],
    "8010": Array [],
    "8011": Array [],
    "8012": Array [],
    "8013": Array [],
    "8014": Array [],
    "8015": Array [],
    "8016": Array [],
    "8017": Array [],
    "8018": Array [],
    "8019": Array [],
    "8020": Array [],
    "8021": Array [],
    "8022": Array [],
    "8023": Array [],
    "8027": Array [],
    "8028": Array [],
    "8029": Array [],
    "8030": Array [],
    "8031": Array [],
    "805": Array [],
    "8100": Array [],
    "8101": Array [],
    "8102": Array [],
    "8103": Array [],
    "8104": Array [],
    "8105": Array [],
    "8106": Array [],
    "8107": Array [],
    "820": Array [],
    "825": Array [],
    "835": Array [],
    "860": Array [],
    "861": Array [],
    "862": Array [],
    "863": Array [],
    "864": Array [],
    "865": Array [],
    "866": Array [],
    "867": Array [],
    "868": Array [],
    "869": Array [],
    "870": Array [],
    "871": Array [],
    "872": Array [],
    "873": Array [],
    "874": Array [],
    "875": Array [],
    "876": Array [],
    "887": Array [],
    "888": Array [],
    "889": Array [],
    "890": Array [],
    "891": Array [],
    "892": Array [],
    "893": Array [],
    "900": Array [],
    "999": Array [],
  },
  "previousSceneId": 203420,
}
`;

exports[`playthrough Enable engine save 1`] = `
Object {
  "currentSceneId": 4210,
  "gamestates": Object {
    "100": Array [],
    "1000": Array [],
    "100111": Array [],
    "101": Array [],
    "1010": Array [],
    "1011": Array [],
    "1012": Array [],
    "1013": Array [],
    "1014": Array [],
    "1015": Array [],
    "102": Array [],
    "1020": Array [],
    "1021": Array [],
    "1022": Array [],
    "1023": Array [],
    "1024": Array [],
    "1025": Array [],
    "1026": Array [],
    "1027": Array [],
    "1028": Array [],
    "1029": Array [],
    "103": Array [],
    "1030": Array [],
    "1031": Array [],
    "1032": Array [],
    "1033": Array [],
    "1034": Array [],
    "1035": Array [],
    "1036": Array [],
    "1037": Array [],
    "1038": Array [],
    "1039": Array [],
    "104": Array [],
    "1040": Array [],
    "1041": Array [],
    "1042": Array [],
    "1043": Array [],
    "1044": Array [],
    "1045": Array [],
    "1046": Array [],
    "1047": Array [],
    "1048": Array [],
    "1049": Array [],
    "1050": Array [],
    "1055": Array [],
    "1056": Array [],
    "1057": Array [],
    "1058": Array [],
    "1059": Array [],
    "1060": Array [],
    "1061": Array [],
    "1062": Array [],
    "1063": Array [],
    "1103": Array [],
    "1104": Array [],
    "1200": Array [],
    "1205": Array [],
    "1210": Array [],
    "1215": Array [],
    "1217": Array [],
    "1218": Array [],
    "1219": Array [],
    "1300": Array [],
    "1301": Array [],
    "1302": Array [],
    "1303": Array [],
    "1304": Array [],
    "1305": Array [],
    "1309": Array [],
    "1310": Array [],
    "1315": Array [],
    "1320": Array [],
    "1325": Array [],
    "1330": Array [],
    "1331": Array [],
    "1332": Array [],
    "1333": Array [],
    "1334": Array [],
    "1340": Array [],
    "1341": Array [],
    "1342": Array [],
    "1343": Array [],
    "1344": Array [],
    "1345": Array [],
    "1346": Array [],
    "1349": Array [],
    "1350": Array [],
    "1355": Array [],
    "1360": Array [],
    "1365": Array [],
    "1370": Array [],
    "1375": Array [],
    "1380": Array [],
    "1385": Array [],
    "1390": Array [],
    "1391": Array [],
    "1392": Array [],
    "1393": Array [],
    "1394": Array [],
    "1395": Array [],
    "1396": Array [],
    "1397": Array [],
    "1398": Array [],
    "1399": Array [],
    "1401": Array [],
    "1402": Array [],
    "1403": Array [],
    "1404": Array [],
    "1405": Array [],
    "1406": Array [],
    "1407": Array [],
    "1435": Array [],
    "1436": Array [],
    "1437": Array [],
    "1438": Array [],
    "1448": Array [],
    "1449": Array [],
    "1450": Array [],
    "1451": Array [],
    "1452": Array [],
    "1453": Array [],
    "1500": Array [],
    "2099": Array [],
    "2100": Array [],
    "2101": Array [],
    "2102": Array [],
    "2103": Array [],
    "2104": Array [],
    "2105": Array [],
    "2106": Array [],
    "2107": Array [],
    "2108": Array [],
    "2109": Array [],
    "2110": Array [],
    "2111": Array [],
    "2112": Array [],
    "2113": Array [],
    "2114": Array [],
    "2115": Array [],
    "2116": Array [],
    "2117": Array [],
    "2118": Array [],
    "2119": Array [],
    "2120": Array [],
    "2121": Array [],
    "2122": Array [],
    "2123": Array [],
    "2124": Array [],
    "2125": Array [],
    "2126": Array [],
    "2127": Array [],
    "2128": Array [],
    "2129": Array [],
    "2130": Array [],
    "2131": Array [],
    "2132": Array [],
    "2133": Array [],
    "2134": Array [],
    "2135": Array [],
    "2136": Array [],
    "2137": Array [],
    "2138": Array [],
    "2139": Array [],
    "2140": Array [],
    "2400": Array [],
    "2401": Array [],
    "2402": Array [],
    "2403": Array [],
    "2404": Array [],
    "2405": Array [],
    "2450": Array [],
    "2451": Array [],
    "2452": Array [],
    "2453": Array [],
    "2454": Array [],
    "2455": Array [],
    "2456": Array [],
    "2457": Array [],
    "2458": Array [],
    "2459": Array [],
    "2460": Array [],
    "2461": Array [],
    "2462": Array [],
    "2463": Array [],
    "2464": Array [],
    "2465": Array [],
    "2466": Array [],
    "2467": Array [],
    "2468": Array [],
    "2469": Array [],
    "2470": Array [],
    "2471": Array [],
    "2472": Array [],
    "2473": Array [],
    "2600": Array [],
    "2601": Array [],
    "2605": Array [],
    "2606": Array [],
    "2607": Array [],
    "2608": Array [],
    "2609": Array [],
    "2610": Array [],
    "2611": Array [],
    "2620": Array [],
    "2630": Array [],
    "2640": Array [],
    "2641": Array [],
    "2642": Array [],
    "2643": Array [],
    "2644": Array [],
    "496": Array [],
    "497": Array [],
    "498": Array [],
    "499": Array [],
    "500": Array [],
    "525": Array [],
    "526": Array [],
    "527": Array [],
    "528": Array [],
    "550": Array [],
    "551": Array [],
    "552": Array [],
    "553": Array [],
    "600": Array [],
    "605": Array [],
    "612": Array [],
    "615": Array [],
    "620": Array [],
    "630": Array [],
    "635": Array [],
    "640": Array [],
    "800": Array [],
    "8000": Array [],
    "8001": Array [],
    "8002": Array [],
    "8003": Array [],
    "8004": Array [],
    "8005": Array [],
    "8006": Array [],
    "8007": Array [],
    "8008": Array [],
    "8009": Array [],
    "8010": Array [],
    "8011": Array [],
    "8012": Array [],
    "8013": Array [],
    "8014": Array [],
    "8015": Array [],
    "8016": Array [],
    "8017": Array [],
    "8018": Array [],
    "8019": Array [],
    "8020": Array [],
    "8021": Array [],
    "8022": Array [],
    "8023": Array [],
    "8027": Array [],
    "8028": Array [],
    "8029": Array [],
    "8030": Array [],
    "8031": Array [],
    "805": Array [],
    "8100": Array [],
    "8101": Array [],
    "8102": Array [],
    "8103": Array [],
    "8104": Array [],
    "8105": Array [],
    "8106": Array [],
    "8107": Array [],
    "820": Array [],
    "825": Array [],
    "835": Array [],
    "860": Array [],
    "861": Array [],
    "862": Array [],
    "863": Array [],
    "864": Array [],
    "865": Array [],
    "866": Array [],
    "867": Array [],
    "868": Array [],
    "869": Array [],
    "870": Array [],
    "871": Array [],
    "872": Array [],
    "873": Array [],
    "874": Array [],
    "875": Array [],
    "876": Array [],
    "887": Array [],
    "888": Array [],
    "889": Array [],
    "890": Array [],
    "891": Array [],
    "892": Array [],
    "893": Array [],
    "900": Array [],
    "999": Array [],
  },
  "previousSceneId": 421046,
}
`;

exports[`playthrough Enter engine room save 1`] = `
Object {
  "currentSceneId": 4210,
  "gamestates": Object {
    "100": Array [],
    "1000": Array [],
    "100111": Array [],
    "101": Array [],
    "1010": Array [],
    "1011": Array [],
    "1012": Array [],
    "1013": Array [],
    "1014": Array [],
    "1015": Array [],
    "102": Array [],
    "1020": Array [],
    "1021": Array [],
    "1022": Array [],
    "1023": Array [],
    "1024": Array [],
    "1025": Array [],
    "1026": Array [],
    "1027": Array [],
    "1028": Array [],
    "1029": Array [],
    "103": Array [],
    "1030": Array [],
    "1031": Array [],
    "1032": Array [],
    "1033": Array [],
    "1034": Array [],
    "1035": Array [],
    "1036": Array [],
    "1037": Array [],
    "1038": Array [],
    "1039": Array [],
    "104": Array [],
    "1040": Array [],
    "1041": Array [],
    "1042": Array [],
    "1043": Array [],
    "1044": Array [],
    "1045": Array [],
    "1046": Array [],
    "1047": Array [],
    "1048": Array [],
    "1049": Array [],
    "1050": Array [],
    "1055": Array [],
    "1056": Array [],
    "1057": Array [],
    "1058": Array [],
    "1059": Array [],
    "1060": Array [],
    "1061": Array [],
    "1062": Array [],
    "1063": Array [],
    "1103": Array [],
    "1104": Array [],
    "1200": Array [],
    "1205": Array [],
    "1210": Array [],
    "1215": Array [],
    "1217": Array [],
    "1218": Array [],
    "1219": Array [],
    "1300": Array [],
    "1301": Array [],
    "1302": Array [],
    "1303": Array [],
    "1304": Array [],
    "1305": Array [],
    "1309": Array [],
    "1310": Array [],
    "1315": Array [],
    "1320": Array [],
    "1325": Array [],
    "1330": Array [],
    "1331": Array [],
    "1332": Array [],
    "1333": Array [],
    "1334": Array [],
    "1340": Array [],
    "1341": Array [],
    "1342": Array [],
    "1343": Array [],
    "1344": Array [],
    "1345": Array [],
    "1346": Array [],
    "1349": Array [],
    "1350": Array [],
    "1355": Array [],
    "1360": Array [],
    "1365": Array [],
    "1370": Array [],
    "1375": Array [],
    "1380": Array [],
    "1385": Array [],
    "1390": Array [],
    "1391": Array [],
    "1392": Array [],
    "1393": Array [],
    "1394": Array [],
    "1395": Array [],
    "1396": Array [],
    "1397": Array [],
    "1398": Array [],
    "1399": Array [],
    "1401": Array [],
    "1402": Array [],
    "1403": Array [],
    "1404": Array [],
    "1405": Array [],
    "1406": Array [],
    "1407": Array [],
    "1435": Array [],
    "1436": Array [],
    "1437": Array [],
    "1438": Array [],
    "1448": Array [],
    "1449": Array [],
    "1450": Array [],
    "1451": Array [],
    "1452": Array [],
    "1453": Array [],
    "1500": Array [],
    "2099": Array [],
    "2100": Array [],
    "2101": Array [],
    "2102": Array [],
    "2103": Array [],
    "2104": Array [],
    "2105": Array [],
    "2106": Array [],
    "2107": Array [],
    "2108": Array [],
    "2109": Array [],
    "2110": Array [],
    "2111": Array [],
    "2112": Array [],
    "2113": Array [],
    "2114": Array [],
    "2115": Array [],
    "2116": Array [],
    "2117": Array [],
    "2118": Array [],
    "2119": Array [],
    "2120": Array [],
    "2121": Array [],
    "2122": Array [],
    "2123": Array [],
    "2124": Array [],
    "2125": Array [],
    "2126": Array [],
    "2127": Array [],
    "2128": Array [],
    "2129": Array [],
    "2130": Array [],
    "2131": Array [],
    "2132": Array [],
    "2133": Array [],
    "2134": Array [],
    "2135": Array [],
    "2136": Array [],
    "2137": Array [],
    "2138": Array [],
    "2139": Array [],
    "2140": Array [],
    "2400": Array [],
    "2401": Array [],
    "2402": Array [],
    "2403": Array [],
    "2404": Array [],
    "2405": Array [],
    "2450": Array [],
    "2451": Array [],
    "2452": Array [],
    "2453": Array [],
    "2454": Array [],
    "2455": Array [],
    "2456": Array [],
    "2457": Array [],
    "2458": Array [],
    "2459": Array [],
    "2460": Array [],
    "2461": Array [],
    "2462": Array [],
    "2463": Array [],
    "2464": Array [],
    "2465": Array [],
    "2466": Array [],
    "2467": Array [],
    "2468": Array [],
    "2469": Array [],
    "2470": Array [],
    "2471": Array [],
    "2472": Array [],
    "2473": Array [],
    "2600": Array [],
    "2601": Array [],
    "2605": Array [],
    "2606": Array [],
    "2607": Array [],
    "2608": Array [],
    "2609": Array [],
    "2610": Array [],
    "2611": Array [],
    "2620": Array [],
    "2630": Array [],
    "2640": Array [],
    "2641": Array [],
    "2642": Array [],
    "2643": Array [],
    "2644": Array [],
    "496": Array [],
    "497": Array [],
    "498": Array [],
    "499": Array [],
    "500": Array [],
    "525": Array [],
    "526": Array [],
    "527": Array [],
    "528": Array [],
    "550": Array [],
    "551": Array [],
    "552": Array [],
    "553": Array [],
    "600": Array [],
    "605": Array [],
    "612": Array [],
    "615": Array [],
    "620": Array [],
    "630": Array [],
    "635": Array [],
    "640": Array [],
    "800": Array [],
    "8000": Array [],
    "8001": Array [],
    "8002": Array [],
    "8003": Array [],
    "8004": Array [],
    "8005": Array [],
    "8006": Array [],
    "8007": Array [],
    "8008": Array [],
    "8009": Array [],
    "8010": Array [],
    "8011": Array [],
    "8012": Array [],
    "8013": Array [],
    "8014": Array [],
    "8015": Array [],
    "8016": Array [],
    "8017": Array [],
    "8018": Array [],
    "8019": Array [],
    "8020": Array [],
    "8021": Array [],
    "8022": Array [],
    "8023": Array [],
    "8027": Array [],
    "8028": Array [],
    "8029": Array [],
    "8030": Array [],
    "8031": Array [],
    "805": Array [],
    "8100": Array [],
    "8101": Array [],
    "8102": Array [],
    "8103": Array [],
    "8104": Array [],
    "8105": Array [],
    "8106": Array [],
    "8107": Array [],
    "820": Array [],
    "825": Array [],
    "835": Array [],
    "860": Array [],
    "861": Array [],
    "862": Array [],
    "863": Array [],
    "864": Array [],
    "865": Array [],
    "866": Array [],
    "867": Array [],
    "868": Array [],
    "869": Array [],
    "870": Array [],
    "871": Array [],
    "872": Array [],
    "873": Array [],
    "874": Array [],
    "875": Array [],
    "876": Array [],
    "887": Array [],
    "888": Array [],
    "889": Array [],
    "890": Array [],
    "891": Array [],
    "892": Array [],
    "893": Array [],
    "900": Array [],
    "999": Array [],
  },
  "previousSceneId": 422002,
}
`;

exports[`playthrough Go to juke box save 1`] = `
Object {
  "currentSceneId": 224050,
  "gamestates": Object {
    "100": Array [],
    "1000": Array [],
    "100111": Array [],
    "101": Array [],
    "1010": Array [],
    "1011": Array [],
    "1012": Array [],
    "1013": Array [],
    "1014": Array [],
    "1015": Array [],
    "102": Array [],
    "1020": Array [],
    "1021": Array [],
    "1022": Array [],
    "1023": Array [],
    "1024": Array [],
    "1025": Array [],
    "1026": Array [],
    "1027": Array [],
    "1028": Array [],
    "1029": Array [],
    "103": Array [],
    "1030": Array [],
    "1031": Array [],
    "1032": Array [],
    "1033": Array [],
    "1034": Array [],
    "1035": Array [],
    "1036": Array [],
    "1037": Array [],
    "1038": Array [],
    "1039": Array [],
    "104": Array [],
    "1040": Array [],
    "1041": Array [],
    "1042": Array [],
    "1043": Array [],
    "1044": Array [],
    "1045": Array [],
    "1046": Array [],
    "1047": Array [],
    "1048": Array [],
    "1049": Array [],
    "1050": Array [],
    "1055": Array [],
    "1056": Array [],
    "1057": Array [],
    "1058": Array [],
    "1059": Array [],
    "1060": Array [],
    "1061": Array [],
    "1062": Array [],
    "1063": Array [],
    "1103": Array [],
    "1104": Array [],
    "1200": Array [],
    "1205": Array [],
    "1210": Array [],
    "1215": Array [],
    "1217": Array [],
    "1218": Array [],
    "1219": Array [],
    "1300": Array [],
    "1301": Array [],
    "1302": Array [],
    "1303": Array [],
    "1304": Array [],
    "1305": Array [],
    "1309": Array [],
    "1310": Array [],
    "1315": Array [],
    "1320": Array [],
    "1325": Array [],
    "1330": Array [],
    "1331": Array [],
    "1332": Array [],
    "1333": Array [],
    "1334": Array [],
    "1340": Array [],
    "1341": Array [],
    "1342": Array [],
    "1343": Array [],
    "1344": Array [],
    "1345": Array [],
    "1346": Array [],
    "1349": Array [],
    "1350": Array [],
    "1355": Array [],
    "1360": Array [],
    "1365": Array [],
    "1370": Array [],
    "1375": Array [],
    "1380": Array [],
    "1385": Array [],
    "1390": Array [],
    "1391": Array [],
    "1392": Array [],
    "1393": Array [],
    "1394": Array [],
    "1395": Array [],
    "1396": Array [],
    "1397": Array [],
    "1398": Array [],
    "1399": Array [],
    "1401": Array [],
    "1402": Array [],
    "1403": Array [],
    "1404": Array [],
    "1405": Array [],
    "1406": Array [],
    "1407": Array [],
    "1435": Array [],
    "1436": Array [],
    "1437": Array [],
    "1438": Array [],
    "1448": Array [],
    "1449": Array [],
    "1450": Array [],
    "1451": Array [],
    "1452": Array [],
    "1453": Array [],
    "1500": Array [],
    "2099": Array [],
    "2100": Array [],
    "2101": Array [],
    "2102": Array [],
    "2103": Array [],
    "2104": Array [],
    "2105": Array [],
    "2106": Array [],
    "2107": Array [],
    "2108": Array [],
    "2109": Array [],
    "2110": Array [],
    "2111": Array [],
    "2112": Array [],
    "2113": Array [],
    "2114": Array [],
    "2115": Array [],
    "2116": Array [],
    "2117": Array [],
    "2118": Array [],
    "2119": Array [],
    "2120": Array [],
    "2121": Array [],
    "2122": Array [],
    "2123": Array [],
    "2124": Array [],
    "2125": Array [],
    "2126": Array [],
    "2127": Array [],
    "2128": Array [],
    "2129": Array [],
    "2130": Array [],
    "2131": Array [],
    "2132": Array [],
    "2133": Array [],
    "2134": Array [],
    "2135": Array [],
    "2136": Array [],
    "2137": Array [],
    "2138": Array [],
    "2139": Array [],
    "2140": Array [],
    "2400": Array [],
    "2401": Array [],
    "2402": Array [],
    "2403": Array [],
    "2404": Array [],
    "2405": Array [],
    "2450": Array [],
    "2451": Array [],
    "2452": Array [],
    "2453": Array [],
    "2454": Array [],
    "2455": Array [],
    "2456": Array [],
    "2457": Array [],
    "2458": Array [],
    "2459": Array [],
    "2460": Array [],
    "2461": Array [],
    "2462": Array [],
    "2463": Array [],
    "2464": Array [],
    "2465": Array [],
    "2466": Array [],
    "2467": Array [],
    "2468": Array [],
    "2469": Array [],
    "2470": Array [],
    "2471": Array [],
    "2472": Array [],
    "2473": Array [],
    "2600": Array [],
    "2601": Array [],
    "2605": Array [],
    "2606": Array [],
    "2607": Array [],
    "2608": Array [],
    "2609": Array [],
    "2610": Array [],
    "2611": Array [],
    "2620": Array [],
    "2630": Array [],
    "2640": Array [],
    "2641": Array [],
    "2642": Array [],
    "2643": Array [],
    "2644": Array [],
    "496": Array [],
    "497": Array [],
    "498": Array [],
    "499": Array [],
    "500": Array [],
    "525": Array [],
    "526": Array [],
    "527": Array [],
    "528": Array [],
    "550": Array [],
    "551": Array [],
    "552": Array [],
    "553": Array [],
    "600": Array [],
    "605": Array [],
    "612": Array [],
    "615": Array [],
    "620": Array [],
    "630": Array [],
    "635": Array [],
    "640": Array [],
    "800": Array [],
    "8000": Array [],
    "8001": Array [],
    "8002": Array [],
    "8003": Array [],
    "8004": Array [],
    "8005": Array [],
    "8006": Array [],
    "8007": Array [],
    "8008": Array [],
    "8009": Array [],
    "8010": Array [],
    "8011": Array [],
    "8012": Array [],
    "8013": Array [],
    "8014": Array [],
    "8015": Array [],
    "8016": Array [],
    "8017": Array [],
    "8018": Array [],
    "8019": Array [],
    "8020": Array [],
    "8021": Array [],
    "8022": Array [],
    "8023": Array [],
    "8027": Array [],
    "8028": Array [],
    "8029": Array [],
    "8030": Array [],
    "8031": Array [],
    "805": Array [],
    "8100": Array [],
    "8101": Array [],
    "8102": Array [],
    "8103": Array [],
    "8104": Array [],
    "8105": Array [],
    "8106": Array [],
    "8107": Array [],
    "820": Array [],
    "825": Array [],
    "835": Array [],
    "860": Array [],
    "861": Array [],
    "862": Array [],
    "863": Array [],
    "864": Array [],
    "865": Array [],
    "866": Array [],
    "867": Array [],
    "868": Array [],
    "869": Array [],
    "870": Array [],
    "871": Array [],
    "872": Array [],
    "873": Array [],
    "874": Array [],
    "875": Array [],
    "876": Array [],
    "887": Array [],
    "888": Array [],
    "889": Array [],
    "890": Array [],
    "891": Array [],
    "892": Array [],
    "893": Array [],
    "900": Array [],
    "999": Array [],
  },
  "previousSceneId": 2240,
}
`;

exports[`playthrough Turn on lights save 1`] = `
Object {
  "currentSceneId": 3710,
  "gamestates": Object {
    "100": Array [],
    "1000": Array [],
    "100111": Array [],
    "101": Array [],
    "1010": Array [],
    "1011": Array [],
    "1012": Array [],
    "1013": Array [],
    "1014": Array [],
    "1015": Array [],
    "102": Array [],
    "1020": Array [],
    "1021": Array [],
    "1022": Array [],
    "1023": Array [],
    "1024": Array [],
    "1025": Array [],
    "1026": Array [],
    "1027": Array [],
    "1028": Array [],
    "1029": Array [],
    "103": Array [],
    "1030": Array [],
    "1031": Array [],
    "1032": Array [],
    "1033": Array [],
    "1034": Array [],
    "1035": Array [],
    "1036": Array [],
    "1037": Array [],
    "1038": Array [],
    "1039": Array [],
    "104": Array [],
    "1040": Array [],
    "1041": Array [],
    "1042": Array [],
    "1043": Array [],
    "1044": Array [],
    "1045": Array [],
    "1046": Array [],
    "1047": Array [],
    "1048": Array [],
    "1049": Array [],
    "1050": Array [],
    "1055": Array [],
    "1056": Array [],
    "1057": Array [],
    "1058": Array [],
    "1059": Array [],
    "1060": Array [],
    "1061": Array [],
    "1062": Array [],
    "1063": Array [],
    "1103": Array [],
    "1104": Array [],
    "1200": Array [],
    "1205": Array [],
    "1210": Array [],
    "1215": Array [],
    "1217": Array [],
    "1218": Array [],
    "1219": Array [],
    "1300": Array [],
    "1301": Array [],
    "1302": Array [],
    "1303": Array [],
    "1304": Array [],
    "1305": Array [],
    "1309": Array [],
    "1310": Array [],
    "1315": Array [],
    "1320": Array [],
    "1325": Array [],
    "1330": Array [],
    "1331": Array [],
    "1332": Array [],
    "1333": Array [],
    "1334": Array [],
    "1340": Array [],
    "1341": Array [],
    "1342": Array [],
    "1343": Array [],
    "1344": Array [],
    "1345": Array [],
    "1346": Array [],
    "1349": Array [],
    "1350": Array [],
    "1355": Array [],
    "1360": Array [],
    "1365": Array [],
    "1370": Array [],
    "1375": Array [],
    "1380": Array [],
    "1385": Array [],
    "1390": Array [],
    "1391": Array [],
    "1392": Array [],
    "1393": Array [],
    "1394": Array [],
    "1395": Array [],
    "1396": Array [],
    "1397": Array [],
    "1398": Array [],
    "1399": Array [],
    "1401": Array [],
    "1402": Array [],
    "1403": Array [],
    "1404": Array [],
    "1405": Array [],
    "1406": Array [],
    "1407": Array [],
    "1435": Array [],
    "1436": Array [],
    "1437": Array [],
    "1438": Array [],
    "1448": Array [],
    "1449": Array [],
    "1450": Array [],
    "1451": Array [],
    "1452": Array [],
    "1453": Array [],
    "1500": Array [],
    "2099": Array [],
    "2100": Array [],
    "2101": Array [],
    "2102": Array [],
    "2103": Array [],
    "2104": Array [],
    "2105": Array [],
    "2106": Array [],
    "2107": Array [],
    "2108": Array [],
    "2109": Array [],
    "2110": Array [],
    "2111": Array [],
    "2112": Array [],
    "2113": Array [],
    "2114": Array [],
    "2115": Array [],
    "2116": Array [],
    "2117": Array [],
    "2118": Array [],
    "2119": Array [],
    "2120": Array [],
    "2121": Array [],
    "2122": Array [],
    "2123": Array [],
    "2124": Array [],
    "2125": Array [],
    "2126": Array [],
    "2127": Array [],
    "2128": Array [],
    "2129": Array [],
    "2130": Array [],
    "2131": Array [],
    "2132": Array [],
    "2133": Array [],
    "2134": Array [],
    "2135": Array [],
    "2136": Array [],
    "2137": Array [],
    "2138": Array [],
    "2139": Array [],
    "2140": Array [],
    "2400": Array [],
    "2401": Array [],
    "2402": Array [],
    "2403": Array [],
    "2404": Array [],
    "2405": Array [],
    "2450": Array [],
    "2451": Array [],
    "2452": Array [],
    "2453": Array [],
    "2454": Array [],
    "2455": Array [],
    "2456": Array [],
    "2457": Array [],
    "2458": Array [],
    "2459": Array [],
    "2460": Array [],
    "2461": Array [],
    "2462": Array [],
    "2463": Array [],
    "2464": Array [],
    "2465": Array [],
    "2466": Array [],
    "2467": Array [],
    "2468": Array [],
    "2469": Array [],
    "2470": Array [],
    "2471": Array [],
    "2472": Array [],
    "2473": Array [],
    "2600": Array [],
    "2601": Array [],
    "2605": Array [],
    "2606": Array [],
    "2607": Array [],
    "2608": Array [],
    "2609": Array [],
    "2610": Array [],
    "2611": Array [],
    "2620": Array [],
    "2630": Array [],
    "2640": Array [],
    "2641": Array [],
    "2642": Array [],
    "2643": Array [],
    "2644": Array [],
    "496": Array [],
    "497": Array [],
    "498": Array [],
    "499": Array [],
    "500": Array [],
    "525": Array [],
    "526": Array [],
    "527": Array [],
    "528": Array [],
    "550": Array [],
    "551": Array [],
    "552": Array [],
    "553": Array [],
    "600": Array [],
    "605": Array [],
    "612": Array [],
    "615": Array [],
    "620": Array [],
    "630": Array [],
    "635": Array [],
    "640": Array [],
    "800": Array [],
    "8000": Array [],
    "8001": Array [],
    "8002": Array [],
    "8003": Array [],
    "8004": Array [],
    "8005": Array [],
    "8006": Array [],
    "8007": Array [],
    "8008": Array [],
    "8009": Array [],
    "8010": Array [],
    "8011": Array [],
    "8012": Array [],
    "8013": Array [],
    "8014": Array [],
    "8015": Array [],
    "8016": Array [],
    "8017": Array [],
    "8018": Array [],
    "8019": Array [],
    "8020": Array [],
    "8021": Array [],
    "8022": Array [],
    "8023": Array [],
    "8027": Array [],
    "8028": Array [],
    "8029": Array [],
    "8030": Array [],
    "8031": Array [],
    "805": Array [],
    "8100": Array [],
    "8101": Array [],
    "8102": Array [],
    "8103": Array [],
    "8104": Array [],
    "8105": Array [],
    "8106": Array [],
    "8107": Array [],
    "820": Array [],
    "825": Array [],
    "835": Array [],
    "860": Array [],
    "861": Array [],
    "862": Array [],
    "863": Array [],
    "864": Array [],
    "865": Array [],
    "866": Array [],
    "867": Array [],
    "868": Array [],
    "869": Array [],
    "870": Array [],
    "871": Array [],
    "872": Array [],
    "873": Array [],
    "874": Array [],
    "875": Array [],
    "876": Array [],
    "887": Array [],
    "888": Array [],
    "889": Array [],
    "890": Array [],
    "891": Array [],
    "892": Array [],
    "893": Array [],
    "900": Array [],
    "999": Array [],
  },
  "previousSceneId": 371102,
}
`;
